

OCHA@DESKTOP-39C75D8 MINGW64 C:/Users/OCHA/AppData/Local/Programs/Microsoft VS Code
$ cd /c/Users/OCHA/Documents/Boothcamp/DE7/GIT/Assigment-DE7/

OCHA@DESKTOP-39C75D8 MINGW64 /c/Users/OCHA/Documents/Boothcamp/DE7/GIT/Assigment-DE7
$ git clone https://github.com/rosalinathuffi/dibimbing-belajar-github.git
Cloning into 'dibimbing-belajar-github'...
remote: Enumerating objects: 7, done.
remote: Counting objects: 100% (7/7), done.
remote: Compressing objects: 100% (6/6), done.
remote: Total 7 (delta 0), reused 5 (delta 0), pack-reused 0 (from 0)
Receiving objects: 100% (7/7), done.

OCHA@DESKTOP-39C75D8 MINGW64 /c/Users/OCHA/Documents/Boothcamp/DE7/GIT/Assigment-DE7
$ git config --global user.rosalinathuffi

OCHA@DESKTOP-39C75D8 MINGW64 /c/Users/OCHA/Documents/Boothcamp/DE7/GIT/Assigment-DE7
$ git config user.name rosalinathuffi
fatal: not in a git directory

OCHA@DESKTOP-39C75D8 MINGW64 /c/Users/OCHA/Documents/Boothcamp/DE7/GIT/Assigment-DE7
$ git config user.email ochathuffi@gmail.com
fatal: not in a git directory

OCHA@DESKTOP-39C75D8 MINGW64 /c/Users/OCHA/Documents/Boothcamp/DE7/GIT/Assigment-DE7
$ git config --global user.name "rosalinathuffi"

OCHA@DESKTOP-39C75D8 MINGW64 /c/Users/OCHA/Documents/Boothcamp/DE7/GIT/Assigment-DE7
$ git config --global user.email "ochathuffi@gmail.com"

OCHA@DESKTOP-39C75D8 MINGW64 /c/Users/OCHA/Documents/Boothcamp/DE7/GIT/Assigment-DE7
$ cat .git/config
cat: .git/config: No such file or directory

OCHA@DESKTOP-39C75D8 MINGW64 /c/Users/OCHA/Documents/Boothcamp/DE7/GIT/Assigment-DE7
$ cd dibimbing-belajar-github

OCHA@DESKTOP-39C75D8 MINGW64 /c/Users/OCHA/Documents/Boothcamp/DE7/GIT/Assigment-DE7/dibimbing-belajar-github (main)
$ cat .git/config
[core]
        repositoryformatversion = 0
        filemode = false
        bare = false
        logallrefupdates = true
        symlinks = false
        ignorecase = true
[remote "origin"]
        url = https://github.com/rosalinathuffi/dibimbing-belajar-github.git
        fetch = +refs/heads/*:refs/remotes/origin/*
[branch "main"]
        remote = origin
        merge = refs/heads/main
        vscode-merge-base = origin/main

OCHA@DESKTOP-39C75D8 MINGW64 /c/Users/OCHA/Documents/Boothcamp/DE7/GIT/Assigment-DE7/dibimbing-belajar-github (main)
$ git config --global --list
user.name=rosalinathuffi
user.email=ochathuffi@gmail.com
core.editor=vim

OCHA@DESKTOP-39C75D8 MINGW64 /c/Users/OCHA/Documents/Boothcamp/DE7/GIT/Assigment-DE7/dibimbing-belajar-github (main)
$ git checkout -b featured/file csv
fatal: 'csv' is not a commit and a branch 'featured/file' cannot be created from it

OCHA@DESKTOP-39C75D8 MINGW64 /c/Users/OCHA/Documents/Boothcamp/DE7/GIT/Assigment-DE7/dibimbing-belajar-github (main)
$ git checkout -b featured/file_csv
Switched to a new branch 'featured/file_csv'

OCHA@DESKTOP-39C75D8 MINGW64 /c/Users/OCHA/Documents/Boothcamp/DE7/GIT/Assigment-DE7/dibimbing-belajar-github (featured/file_csv)
$ git status
On branch featured/file_csv
Untracked files:
  (use "git add <file>..." to include in what will be committed)
        file csv.py

nothing added to commit but untracked files present (use "git add" to track)

OCHA@DESKTOP-39C75D8 MINGW64 /c/Users/OCHA/Documents/Boothcamp/DE7/GIT/Assigment-DE7/dibimbing-belajar-github (featured/file_csv)
$ git add "file csv.py"

OCHA@DESKTOP-39C75D8 MINGW64 /c/Users/OCHA/Documents/Boothcamp/DE7/GIT/Assigment-DE7/dibimbing-belajar-github (featured/file_csv)
$ git commit -m "Add file_csv.py"
[featured/file_csv af765f1] Add file_csv.py
 1 file changed, 0 insertions(+), 0 deletions(-)
 create mode 100644 file csv.py

OCHA@DESKTOP-39C75D8 MINGW64 /c/Users/OCHA/Documents/Boothcamp/DE7/GIT/Assigment-DE7/dibimbing-belajar-github (featured/file_csv)
$ git status
On branch featured/file_csv
nothing to commit, working tree clean

OCHA@DESKTOP-39C75D8 MINGW64 /c/Users/OCHA/Documents/Boothcamp/DE7/GIT/Assigment-DE7/dibimbing-belajar-github (featured/file_csv)
$ git status
On branch featured/file_csv
nothing to commit, working tree clean

OCHA@DESKTOP-39C75D8 MINGW64 /c/Users/OCHA/Documents/Boothcamp/DE7/GIT/Assigment-DE7/dibimbing-belajar-github (featured/file_csv)
$ git log -n2
commit af765f10cf3936f28cdb7ea7ff0a00b70af7a9cb (HEAD -> featured/file_csv)
Author: rosalinathuffi <ochathuffi@gmail.com>
Date:   Thu Sep 19 00:43:09 2024 +0700

    Add file_csv.py

commit 653d577512db7e0d115aad52783b5a37fce15549 (origin/main, origin/HEAD, main)
Author: ocha <ochathuffi@gmail.com>
Date:   Wed Sep 18 00:56:35 2024 +0700

    menghapus file

OCHA@DESKTOP-39C75D8 MINGW64 /c/Users/OCHA/Documents/Boothcamp/DE7/GIT/Assigment-DE7/dibimbing-belajar-github (featured/file_csv)
$ git push origin featured/file_csv
Enumerating objects: 4, done.
Counting objects: 100% (4/4), done.
Delta compression using up to 12 threads
Compressing objects: 100% (2/2), done.
Writing objects: 100% (3/3), 285 bytes | 285.00 KiB/s, done.
Total 3 (delta 0), reused 0 (delta 0), pack-reused 0 (from 0)
remote: 
remote: Create a pull request for 'featured/file_csv' on GitHub by visiting:
remote:      https://github.com/rosalinathuffi/dibimbing-belajar-github/pull/new/featured/file_csv
remote:
To https://github.com/rosalinathuffi/dibimbing-belajar-github.git
 * [new branch]      featured/file_csv -> featured/file_csv

OCHA@DESKTOP-39C75D8 MINGW64 /c/Users/OCHA/Documents/Boothcamp/DE7/GIT/Assigment-DE7/dibimbing-belajar-github (featured/file_csv)
$ git checkout main
Switched to branch 'main'
Your branch is up to date with 'origin/main'.

OCHA@DESKTOP-39C75D8 MINGW64 /c/Users/OCHA/Documents/Boothcamp/DE7/GIT/Assigment-DE7/dibimbing-belajar-github (main)
$ git pull origin main
remote: Enumerating objects: 1, done.
remote: Counting objects: 100% (1/1), done.
remote: Total 1 (delta 0), reused 0 (delta 0), pack-reused 0 (from 0)
Unpacking objects: 100% (1/1), 904 bytes | 301.00 KiB/s, done.
From https://github.com/rosalinathuffi/dibimbing-belajar-github
 * branch            main       -> FETCH_HEAD
   653d577..8234dc8  main       -> origin/main
Updating 653d577..8234dc8
Fast-forward
 file csv.py | 0
 1 file changed, 0 insertions(+), 0 deletions(-)
 create mode 100644 file csv.py
